EN fd_mxilinx_fourbit NULL C:/Users/kodera2t/Documents/CPLD_training/FOURBIT/FOURBIT.vhf sub00/vhpl18 1450183629
EN cb4cle_mxilinx_fourbit NULL C:/Users/kodera2t/Documents/CPLD_training/FOURBIT/FOURBIT.vhf sub00/vhpl24 1450185836
AR cb4cle_mxilinx_fourbit behavioral C:/Users/kodera2t/Documents/CPLD_training/FOURBIT/FOURBIT.vhf sub00/vhpl25 1450185837
AR x74_153_mxilinx_fourbit behavioral C:/Users/kodera2t/Documents/CPLD_training/FOURBIT/FOURBIT.vhf sub00/vhpl17 1450421905
AR x74_283_mxilinx_fourbit behavioral C:/Users/kodera2t/Documents/CPLD_training/FOURBIT/FOURBIT.vhf sub00/vhpl09 1450421909
AR fd_mxilinx_fourbit behavioral C:/Users/kodera2t/Documents/CPLD_training/FOURBIT/FOURBIT.vhf sub00/vhpl19 1450183630
EN x74_161_mxilinx_fourbit NULL C:/Users/kodera2t/Documents/CPLD_training/FOURBIT/FOURBIT.vhf sub00/vhpl04 1450421898
AR x74_161_mxilinx_fourbit behavioral C:/Users/kodera2t/Documents/CPLD_training/FOURBIT/FOURBIT.vhf sub00/vhpl05 1450421899
AR m2_1e_mxilinx_fourbit behavioral C:/Users/kodera2t/Documents/CPLD_training/FOURBIT/FOURBIT.vhf sub00/vhpl15 1450421903
EN and6_mxilinx_fourbit NULL C:/Users/kodera2t/Documents/CPLD_training/FOURBIT/FOURBIT.vhf sub00/vhpl00 1450421894
EN add4_mxilinx_fourbit NULL C:/Users/kodera2t/Documents/CPLD_training/FOURBIT/FOURBIT.vhf sub00/vhpl06 1450421906
AR fourbit behavioral C:/Users/kodera2t/Documents/CPLD_training/FOURBIT/FOURBIT.vhf sub00/vhpl11 1450421911
AR m2_1_mxilinx_fourbit behavioral C:/Users/kodera2t/Documents/CPLD_training/FOURBIT/FOURBIT.vhf sub00/vhpl13 1450421901
AR fdrs_mxilinx_fourbit behavioral C:/Users/kodera2t/Documents/CPLD_training/FOURBIT/FOURBIT.vhf sub00/vhpl21 1450183632
EN x74_153_mxilinx_fourbit NULL C:/Users/kodera2t/Documents/CPLD_training/FOURBIT/FOURBIT.vhf sub00/vhpl16 1450421904
AR fdc_mxilinx_fourbit behavioral C:/Users/kodera2t/Documents/CPLD_training/FOURBIT/FOURBIT.vhf sub00/vhpl03 1450421897
EN fdc_mxilinx_fourbit NULL C:/Users/kodera2t/Documents/CPLD_training/FOURBIT/FOURBIT.vhf sub00/vhpl02 1450421896
EN x74_283_mxilinx_fourbit NULL C:/Users/kodera2t/Documents/CPLD_training/FOURBIT/FOURBIT.vhf sub00/vhpl08 1450421908
AR and6_mxilinx_fourbit behavioral C:/Users/kodera2t/Documents/CPLD_training/FOURBIT/FOURBIT.vhf sub00/vhpl01 1450421895
EN m2_1_mxilinx_fourbit NULL C:/Users/kodera2t/Documents/CPLD_training/FOURBIT/FOURBIT.vhf sub00/vhpl12 1450421900
EN m2_1e_mxilinx_fourbit NULL C:/Users/kodera2t/Documents/CPLD_training/FOURBIT/FOURBIT.vhf sub00/vhpl14 1450421902
EN fourbit NULL C:/Users/kodera2t/Documents/CPLD_training/FOURBIT/FOURBIT.vhf sub00/vhpl10 1450421910
EN fdrs_mxilinx_fourbit NULL C:/Users/kodera2t/Documents/CPLD_training/FOURBIT/FOURBIT.vhf sub00/vhpl20 1450183631
EN ftcle_mxilinx_fourbit NULL C:/Users/kodera2t/Documents/CPLD_training/FOURBIT/FOURBIT.vhf sub00/vhpl22 1450185834
AR ftcle_mxilinx_fourbit behavioral C:/Users/kodera2t/Documents/CPLD_training/FOURBIT/FOURBIT.vhf sub00/vhpl23 1450185835
AR add4_mxilinx_fourbit behavioral C:/Users/kodera2t/Documents/CPLD_training/FOURBIT/FOURBIT.vhf sub00/vhpl07 1450421907
