V3 46
FL C:/Users/kodera2t/Documents/CPLD_training/FOURBIT/FOURBIT.vhf 2015/12/18.15:53:19 P.20131013
EN work/AND6_MXILINX_FOURBIT 1450421894 \
      FL C:/Users/kodera2t/Documents/CPLD_training/FOURBIT/FOURBIT.vhf \
      PB ieee/std_logic_1164 1381692176 PB ieee/NUMERIC_STD 1381692181 LB UNISIM \
      PH unisim/VCOMPONENTS 1381692182
AR work/AND6_MXILINX_FOURBIT/BEHAVIORAL 1450421895 \
      FL C:/Users/kodera2t/Documents/CPLD_training/FOURBIT/FOURBIT.vhf \
      EN work/AND6_MXILINX_FOURBIT 1450421894 CP AND3 CP AND4
EN work/FDC_MXILINX_FOURBIT 1450421896 \
      FL C:/Users/kodera2t/Documents/CPLD_training/FOURBIT/FOURBIT.vhf \
      PB ieee/std_logic_1164 1381692176 PB ieee/NUMERIC_STD 1381692181 LB UNISIM \
      PH unisim/VCOMPONENTS 1381692182
AR work/FDC_MXILINX_FOURBIT/BEHAVIORAL 1450421897 \
      FL C:/Users/kodera2t/Documents/CPLD_training/FOURBIT/FOURBIT.vhf \
      EN work/FDC_MXILINX_FOURBIT 1450421896 CP GND CP FDCP
EN work/X74_161_MXILINX_FOURBIT 1450421898 \
      FL C:/Users/kodera2t/Documents/CPLD_training/FOURBIT/FOURBIT.vhf \
      PB ieee/std_logic_1164 1381692176 PB ieee/NUMERIC_STD 1381692181 LB UNISIM \
      PH unisim/VCOMPONENTS 1381692182
AR work/X74_161_MXILINX_FOURBIT/BEHAVIORAL 1450421899 \
      FL C:/Users/kodera2t/Documents/CPLD_training/FOURBIT/FOURBIT.vhf \
      EN work/X74_161_MXILINX_FOURBIT 1450421898 CP INV CP AND2 CP AND2B1 CP OR2 \
      CP AND3 CP XOR2 CP AND4 CP AND5 CP AND6_MXILINX_FOURBIT CP VCC \
      CP FDC_MXILINX_FOURBIT
EN work/M2_1_MXILINX_FOURBIT 1450421900 \
      FL C:/Users/kodera2t/Documents/CPLD_training/FOURBIT/FOURBIT.vhf \
      PB ieee/std_logic_1164 1381692176 PB ieee/NUMERIC_STD 1381692181 LB UNISIM \
      PH unisim/VCOMPONENTS 1381692182
AR work/M2_1_MXILINX_FOURBIT/BEHAVIORAL 1450421901 \
      FL C:/Users/kodera2t/Documents/CPLD_training/FOURBIT/FOURBIT.vhf \
      EN work/M2_1_MXILINX_FOURBIT 1450421900 CP AND2B1 CP OR2 CP AND2
EN work/M2_1E_MXILINX_FOURBIT 1450421902 \
      FL C:/Users/kodera2t/Documents/CPLD_training/FOURBIT/FOURBIT.vhf \
      PB ieee/std_logic_1164 1381692176 PB ieee/NUMERIC_STD 1381692181 LB UNISIM \
      PH unisim/VCOMPONENTS 1381692182
AR work/M2_1E_MXILINX_FOURBIT/BEHAVIORAL 1450421903 \
      FL C:/Users/kodera2t/Documents/CPLD_training/FOURBIT/FOURBIT.vhf \
      EN work/M2_1E_MXILINX_FOURBIT 1450421902 CP AND3 CP AND3B1 CP OR2
EN work/X74_153_MXILINX_FOURBIT 1450421904 \
      FL C:/Users/kodera2t/Documents/CPLD_training/FOURBIT/FOURBIT.vhf \
      PB ieee/std_logic_1164 1381692176 PB ieee/NUMERIC_STD 1381692181 LB UNISIM \
      PH unisim/VCOMPONENTS 1381692182
AR work/X74_153_MXILINX_FOURBIT/BEHAVIORAL 1450421905 \
      FL C:/Users/kodera2t/Documents/CPLD_training/FOURBIT/FOURBIT.vhf \
      EN work/X74_153_MXILINX_FOURBIT 1450421904 CP INV CP M2_1_MXILINX_FOURBIT \
      CP M2_1E_MXILINX_FOURBIT
EN work/ADD4_MXILINX_FOURBIT 1450421906 \
      FL C:/Users/kodera2t/Documents/CPLD_training/FOURBIT/FOURBIT.vhf \
      PB ieee/std_logic_1164 1381692176 PB ieee/NUMERIC_STD 1381692181 LB UNISIM \
      PH unisim/VCOMPONENTS 1381692182
AR work/ADD4_MXILINX_FOURBIT/BEHAVIORAL 1450421907 \
      FL C:/Users/kodera2t/Documents/CPLD_training/FOURBIT/FOURBIT.vhf \
      EN work/ADD4_MXILINX_FOURBIT 1450421906 CP XOR2 CP OR2 CP OR3 CP OR4 CP AND5 \
      CP AND4 CP AND3 CP AND2 CP OR5 CP GND CP AND3B1 CP AND3B2
EN work/X74_283_MXILINX_FOURBIT 1450421908 \
      FL C:/Users/kodera2t/Documents/CPLD_training/FOURBIT/FOURBIT.vhf \
      PB ieee/std_logic_1164 1381692176 PB ieee/NUMERIC_STD 1381692181 LB UNISIM \
      PH unisim/VCOMPONENTS 1381692182
AR work/X74_283_MXILINX_FOURBIT/BEHAVIORAL 1450421909 \
      FL C:/Users/kodera2t/Documents/CPLD_training/FOURBIT/FOURBIT.vhf \
      EN work/X74_283_MXILINX_FOURBIT 1450421908 CP ADD4_MXILINX_FOURBIT
EN work/FOURBIT 1450421910 \
      FL C:/Users/kodera2t/Documents/CPLD_training/FOURBIT/FOURBIT.vhf \
      PB ieee/std_logic_1164 1381692176 PB ieee/NUMERIC_STD 1381692181 LB UNISIM \
      PH unisim/VCOMPONENTS 1381692182
AR work/FOURBIT/BEHAVIORAL 1450421911 \
      FL C:/Users/kodera2t/Documents/CPLD_training/FOURBIT/FOURBIT.vhf \
      EN work/FOURBIT 1450421910 CP X74_283_MXILINX_FOURBIT \
      CP X74_153_MXILINX_FOURBIT CP GND CP AND2 CP NAND3 CP NAND2 CP INV \
      CP FDC_MXILINX_FOURBIT CP VCC CP X74_161_MXILINX_FOURBIT
